// Jest Snapshot v1, https://goo.gl/fbAQLP

exports[`Input render correctly 1`] = `
<input
  className="css-1nvkxsy"
  name="name"
  onChange={[Function]}
  type="text"
/>
`;
